Component: Arm Compiler for Embedded 6.19 Tool: armlink [5e73cb00]

==============================================================================

Section Cross References

    system_nuc100series.o(.text.SystemCoreClockUpdate) refers to system_nuc100series.o(.text.CLK_GetPLLClockFreq) for CLK_GetPLLClockFreq
    system_nuc100series.o(.text.SystemCoreClockUpdate) refers to uidiv_div0.o(.text) for __aeabi_uidiv
    system_nuc100series.o(.text.SystemCoreClockUpdate) refers to system_nuc100series.o(.data.PllClock) for PllClock
    system_nuc100series.o(.text.SystemCoreClockUpdate) refers to system_nuc100series.o(.data.gau32ClkSrcTbl) for gau32ClkSrcTbl
    system_nuc100series.o(.text.SystemCoreClockUpdate) refers to system_nuc100series.o(.data.SystemCoreClock) for SystemCoreClock
    system_nuc100series.o(.text.SystemCoreClockUpdate) refers to system_nuc100series.o(.data.CyclesPerUs) for CyclesPerUs
    system_nuc100series.o(.ARM.exidx.text.SystemCoreClockUpdate) refers to system_nuc100series.o(.text.SystemCoreClockUpdate) for [Anonymous Symbol]
    system_nuc100series.o(.text.CLK_GetPLLClockFreq) refers to uidiv_div0.o(.text) for __aeabi_uidiv
    system_nuc100series.o(.ARM.exidx.text.CLK_GetPLLClockFreq) refers to system_nuc100series.o(.text.CLK_GetPLLClockFreq) for [Anonymous Symbol]
    system_nuc100series.o(.ARM.exidx.text.SystemInit) refers to system_nuc100series.o(.text.SystemInit) for [Anonymous Symbol]
    startup_nuc100series.o(RESET) refers to startup_nuc100series.o(STACK) for __initial_sp
    startup_nuc100series.o(RESET) refers to startup_nuc100series.o(.text) for Reset_Handler
    startup_nuc100series.o(RESET) refers to stepper.o(.text.TMR0_IRQHandler) for TMR0_IRQHandler
    startup_nuc100series.o(RESET) refers to stepper.o(.text.TMR1_IRQHandler) for TMR1_IRQHandler
    startup_nuc100series.o(RESET) refers to serial.o(.text.UART02_IRQHandler) for UART02_IRQHandler
    startup_nuc100series.o(.text) refers to system_nuc100series.o(.text.SystemInit) for SystemInit
    startup_nuc100series.o(.text) refers to entry.o(.ARM.Collect$$$$00000000) for __main
    sys_init.o(.text.SYS_Init) refers to sys_init.o(.text.SYS_UnlockReg) for SYS_UnlockReg
    sys_init.o(.text.SYS_Init) refers to clk.o(.text.CLK_EnableXtalRC) for CLK_EnableXtalRC
    sys_init.o(.text.SYS_Init) refers to clk.o(.text.CLK_WaitClockReady) for CLK_WaitClockReady
    sys_init.o(.text.SYS_Init) refers to clk.o(.text.CLK_SetCoreClock) for CLK_SetCoreClock
    sys_init.o(.text.SYS_Init) refers to clk.o(.text.CLK_EnableModuleClock) for CLK_EnableModuleClock
    sys_init.o(.text.SYS_Init) refers to clk.o(.text.CLK_SetModuleClock) for CLK_SetModuleClock
    sys_init.o(.ARM.exidx.text.SYS_Init) refers to sys_init.o(.text.SYS_Init) for [Anonymous Symbol]
    sys_init.o(.ARM.exidx.text.SYS_UnlockReg) refers to sys_init.o(.text.SYS_UnlockReg) for [Anonymous Symbol]
    simeeprom.o(.text.SIM_EEPROM_READ) refers to simeeprom.o(.text.FMC_Read) for FMC_Read
    simeeprom.o(.ARM.exidx.text.SIM_EEPROM_READ) refers to simeeprom.o(.text.SIM_EEPROM_READ) for [Anonymous Symbol]
    simeeprom.o(.ARM.exidx.text.FMC_Read) refers to simeeprom.o(.text.FMC_Read) for [Anonymous Symbol]
    simeeprom.o(.text.SIM_EEPROM_WRITE) refers to simeeprom.o(.text.SIM_EEPROM_READ) for SIM_EEPROM_READ
    simeeprom.o(.text.SIM_EEPROM_WRITE) refers to simeeprom.o(.text.FMC_Read) for FMC_Read
    simeeprom.o(.text.SIM_EEPROM_WRITE) refers to simeeprom.o(.text.FMC_Write) for FMC_Write
    simeeprom.o(.text.SIM_EEPROM_WRITE) refers to simeeprom.o(.text.FMC_Erase) for FMC_Erase
    simeeprom.o(.ARM.exidx.text.SIM_EEPROM_WRITE) refers to simeeprom.o(.text.SIM_EEPROM_WRITE) for [Anonymous Symbol]
    simeeprom.o(.ARM.exidx.text.FMC_Write) refers to simeeprom.o(.text.FMC_Write) for [Anonymous Symbol]
    simeeprom.o(.ARM.exidx.text.FMC_Erase) refers to simeeprom.o(.text.FMC_Erase) for [Anonymous Symbol]
    simeeprom.o(.text.SetDataFlashBase) refers to fmc.o(.text.FMC_ReadConfig) for FMC_ReadConfig
    simeeprom.o(.text.SetDataFlashBase) refers to fmc.o(.text.FMC_EnableConfigUpdate) for FMC_EnableConfigUpdate
    simeeprom.o(.text.SetDataFlashBase) refers to simeeprom.o(.text.FMC_Erase) for FMC_Erase
    simeeprom.o(.text.SetDataFlashBase) refers to fmc.o(.text.FMC_WriteConfig) for FMC_WriteConfig
    simeeprom.o(.ARM.exidx.text.SetDataFlashBase) refers to simeeprom.o(.text.SetDataFlashBase) for [Anonymous Symbol]
    controloutput.o(.text.ControlOutput_Init) refers to gpio.o(.text.GPIO_SetMode) for GPIO_SetMode
    controloutput.o(.ARM.exidx.text.ControlOutput_Init) refers to controloutput.o(.text.ControlOutput_Init) for [Anonymous Symbol]
    clk.o(.text.CLK_DisableCKO) refers to clk.o(.text.CLK_DisableModuleClock) for CLK_DisableModuleClock
    clk.o(.ARM.exidx.text.CLK_DisableCKO) refers to clk.o(.text.CLK_DisableCKO) for [Anonymous Symbol]
    clk.o(.ARM.exidx.text.CLK_DisableModuleClock) refers to clk.o(.text.CLK_DisableModuleClock) for [Anonymous Symbol]
[...]
    [Anonymous Symbol]                       0x00007d88   Section        0  stepper.o(.text.st_go_idle)
    __arm_cp.1_0                             0x00007e18   Number         4  stepper.o(.text.st_go_idle)
    __arm_cp.1_1                             0x00007e1c   Number         4  stepper.o(.text.st_go_idle)
    __arm_cp.1_2                             0x00007e20   Number         4  stepper.o(.text.st_go_idle)
    __arm_cp.1_3                             0x00007e24   Number         4  stepper.o(.text.st_go_idle)
    __arm_cp.1_4                             0x00007e28   Number         4  stepper.o(.text.st_go_idle)
    __arm_cp.1_5                             0x00007e2c   Number         4  stepper.o(.text.st_go_idle)
    st_next_block_index                      0x00007e31   Thumb Code    46  stepper.o(.text.st_next_block_index)
    [Anonymous Symbol]                       0x00007e30   Section        0  stepper.o(.text.st_next_block_index)
    [Anonymous Symbol]                       0x00007e60   Section        0  stepper.o(.text.st_prep_buffer)
    __arm_cp.11_20                           0x00008260   Number         4  stepper.o(.text.st_prep_buffer)
    __arm_cp.11_24                           0x00008270   Number         4  stepper.o(.text.st_prep_buffer)
    __arm_cp.11_26                           0x00008278   Number         4  stepper.o(.text.st_prep_buffer)
    __arm_cp.11_27                           0x0000827c   Number         4  stepper.o(.text.st_prep_buffer)
    __arm_cp.11_28                           0x00008280   Number         4  stepper.o(.text.st_prep_buffer)
    __arm_cp.11_34                           0x0000863c   Number         4  stepper.o(.text.st_prep_buffer)
    __arm_cp.11_35                           0x00008640   Number         4  stepper.o(.text.st_prep_buffer)
    __arm_cp.11_37                           0x00008648   Number         4  stepper.o(.text.st_prep_buffer)
    __arm_cp.11_0                            0x000089a8   Number         4  stepper.o(.text.st_prep_buffer)
    __arm_cp.11_3                            0x000089ac   Number         4  stepper.o(.text.st_prep_buffer)
    __arm_cp.11_4                            0x000089b0   Number         4  stepper.o(.text.st_prep_buffer)
    __arm_cp.11_6                            0x000089b4   Number         4  stepper.o(.text.st_prep_buffer)
    __arm_cp.11_10                           0x000089b8   Number         4  stepper.o(.text.st_prep_buffer)
    __arm_cp.11_15                           0x000089bc   Number         4  stepper.o(.text.st_prep_buffer)
    __arm_cp.11_16                           0x000089c0   Number         4  stepper.o(.text.st_prep_buffer)
    __arm_cp.11_17                           0x000089c4   Number         4  stepper.o(.text.st_prep_buffer)
    __arm_cp.11_18                           0x000089c8   Number         4  stepper.o(.text.st_prep_buffer)
    [Anonymous Symbol]                       0x000089cc   Section        0  stepper.o(.text.st_reset)
    __arm_cp.6_0                             0x00008a30   Number         4  stepper.o(.text.st_reset)
    __arm_cp.6_3                             0x00008a34   Number         4  stepper.o(.text.st_reset)
    __arm_cp.6_4                             0x00008a38   Number         4  stepper.o(.text.st_reset)
    __arm_cp.6_5                             0x00008a3c   Number         4  stepper.o(.text.st_reset)
    __arm_cp.6_6                             0x00008a40   Number         4  stepper.o(.text.st_reset)
    __arm_cp.6_7                             0x00008a44   Number         4  stepper.o(.text.st_reset)
    __arm_cp.6_8                             0x00008a48   Number         4  stepper.o(.text.st_reset)
    __arm_cp.6_9                             0x00008a4c   Number         4  stepper.o(.text.st_reset)
    __arm_cp.6_10                            0x00008a50   Number         4  stepper.o(.text.st_reset)
    __arm_cp.6_11                            0x00008a54   Number         4  stepper.o(.text.st_reset)
    __arm_cp.6_12                            0x00008a58   Number         4  stepper.o(.text.st_reset)
    __arm_cp.6_13                            0x00008a5c   Number         4  stepper.o(.text.st_reset)
    [Anonymous Symbol]                       0x00008a60   Section        0  stepper.o(.text.st_update_plan_block_parameters)
    __arm_cp.10_0                            0x00008a8c   Number         4  stepper.o(.text.st_update_plan_block_parameters)
    __arm_cp.10_1                            0x00008a90   Number         4  stepper.o(.text.st_update_plan_block_parameters)
    [Anonymous Symbol]                       0x00008a94   Section        0  stepper.o(.text.st_wake_up)
    __arm_cp.0_1                             0x00008ad8   Number         4  stepper.o(.text.st_wake_up)
    __arm_cp.0_2                             0x00008adc   Number         4  stepper.o(.text.st_wake_up)
    __arm_cp.0_3                             0x00008ae0   Number         4  stepper.o(.text.st_wake_up)
    [Anonymous Symbol]                       0x00008ae4   Section        0  stepper.o(.text.stepper_init)
    __arm_cp.7_0                             0x00008b2c   Number         4  stepper.o(.text.stepper_init)
    __arm_cp.7_1                             0x00008b30   Number         4  stepper.o(.text.stepper_init)
    __arm_cp.7_2                             0x00008b34   Number         4  stepper.o(.text.stepper_init)
    __arm_cp.7_3                             0x00008b38   Number         4  stepper.o(.text.stepper_init)
    __arm_cp.7_4                             0x00008b3c   Number         4  stepper.o(.text.stepper_init)
    __arm_cp.7_5                             0x00008b40   Number         4  stepper.o(.text.stepper_init)
    [Anonymous Symbol]                       0x00008b44   Section        0  system.o(.text.system_check_safety_door_ajar)
    [Anonymous Symbol]                       0x00008b50   Section        0  system.o(.text.system_check_travel_limits)
    [Anonymous Symbol]                       0x00008bbc   Section        0  system.o(.text.system_clear_exec_accessory_overrides)
    __arm_cp.16_0                            0x00008bc4   Number         4  system.o(.text.system_clear_exec_accessory_overrides)
    [Anonymous Symbol]                       0x00008bc8   Section        0  system.o(.text.system_clear_exec_alarm)
    __arm_cp.12_0                            0x00008bd0   Number         4  system.o(.text.system_clear_exec_alarm)
    [Anonymous Symbol]                       0x00008bd4   Section        0  system.o(.text.system_clear_exec_motion_overrides)
    __arm_cp.15_0                            0x00008bdc   Number         4  system.o(.text.system_clear_exec_motion_overrides)
    [Anonymous Symbol]                       0x00008be0   Section        0  system.o(.text.system_clear_exec_state_flag)
    __arm_cp.10_0                            0x00008bf4   Number         4  system.o(.text.system_clear_exec_state_flag)
    [Anonymous Symbol]                       0x00008bf8   Section        0  system.o(.text.system_control_get_state)
    [Anonymous Symbol]                       0x00008c06   Section        0  system.o(.text.system_convert_array_steps_to_mpos)
    [Anonymous Symbol]                       0x00008c48   Section        0  system.o(.text.system_convert_axis_steps_to_mpos)
    __arm_cp.7_0                             0x00008c78   Number         4  system.o(.text.system_convert_axis_steps_to_mpos)
    [Anonymous Symbol]                       0x00008c7c   Section        0  system.o(.text.system_execute_line)
    __arm_cp.4_1                             0x000091f0   Number         4  system.o(.text.system_execute_line)
    __arm_cp.4_2                             0x000091f4   Number         4  system.o(.text.system_execute_line)
    [Anonymous Symbol]                       0x000091f8   Section        0  system.o(.text.system_execute_startup)
    [Anonymous Symbol]                       0x00009260   Section        0  system.o(.text.system_flag_wco_change)
    __arm_cp.6_0                             0x00009270   Number         4  system.o(.text.system_flag_wco_change)
    [Anonymous Symbol]                       0x00009274   Section        0  system.o(.text.system_init)
    [Anonymous Symbol]                       0x00009278   Section        0  system.o(.text.system_set_exec_accessory_override_flag)
    __arm_cp.14_0                            0x0000928c   Number         4  system.o(.text.system_set_exec_accessory_override_flag)
    [Anonymous Symbol]                       0x00009290   Section        0  system.o(.text.system_set_exec_alarm)
    __arm_cp.11_0                            0x000092a0   Number         4  system.o(.text.system_set_exec_alarm)
    [Anonymous Symbol]                       0x000092a4   Section        0  system.o(.text.system_set_exec_motion_override_flag)
    __arm_cp.13_0                            0x000092b8   Number         4  system.o(.text.system_set_exec_motion_override_flag)
    [Anonymous Symbol]                       0x000092bc   Section        0  system.o(.text.system_set_exec_state_flag)
    __arm_cp.5_0                             0x000092d0   Number         4  system.o(.text.system_set_exec_state_flag)
    [Anonymous Symbol]                       0x000092d4   Section        0  settings.o(.text.write_global_settings)
    __arm_cp.3_0                             0x000092e0   Number         4  settings.o(.text.write_global_settings)
    i.__ARM_clz                              0x000092e4   Section        0  depilogue.o(i.__ARM_clz)
    i.__ARM_common_ll_muluu                  0x00009312   Section        0  rred.o(i.__ARM_common_ll_muluu)
    i.__ARM_fpclassify                       0x00009344   Section        0  fpclassify.o(i.__ARM_fpclassify)
    i.__ieee754_rem_pio2                     0x00009370   Section        0  rred.o(i.__ieee754_rem_pio2)
    i.__kernel_cos                           0x0000970c   Section        0  cos_i.o(i.__kernel_cos)
    i.__kernel_poly                          0x00009800   Section        0  poly.o(i.__kernel_poly)
    i.__kernel_sin                           0x000098ac   Section        0  sin_i.o(i.__kernel_sin)
    i.__mathlib_dbl_infnan                   0x00009998   Section        0  dunder.o(i.__mathlib_dbl_infnan)
    i.__mathlib_dbl_infnan2                  0x000099a2   Section        0  dunder.o(i.__mathlib_dbl_infnan2)
    i.__mathlib_dbl_invalid                  0x000099aa   Section        0  dunder.o(i.__mathlib_dbl_invalid)
    i.__mathlib_dbl_underflow                0x000099bc   Section        0  dunder.o(i.__mathlib_dbl_underflow)
    i.__scatterload_copy                     0x000099d0   Section       14  handlers.o(i.__scatterload_copy)
    i.__scatterload_null                     0x000099de   Section        2  handlers.o(i.__scatterload_null)
    i.__scatterload_zeroinit                 0x000099e0   Section       14  handlers.o(i.__scatterload_zeroinit)
    i.__set_errno                            0x000099f0   Section        0  errno.o(i.__set_errno)
    i.atan                                   0x000099fc   Section        0  atan.o(i.atan)
    i.atan2                                  0x00009c18   Section        0  atan2.o(i.atan2)
    i.ceil                                   0x00009db4   Section        0  ceil.o(i.ceil)
    i.cos                                    0x00009e7c   Section        0  cos.o(i.cos)
    i.floor                                  0x00009f14   Section        0  floor.o(i.floor)
    i.lround                                 0x00009fdc   Section        0  lround.o(i.lround)
    i.round                                  0x0000a0a0   Section        0  round.o(i.round)
    i.sin                                    0x0000a13c   Section        0  sin.o(i.sin)
    i.sqrt                                   0x0000a1d8   Section        0  sqrt.o(i.sqrt)
    i.trunc                                  0x0000a220   Section        0  trunc.o(i.trunc)
    atanhi                                   0x0000a288   Data          32  atan.o(.constdata)
    .constdata                               0x0000a288   Section      152  atan.o(.constdata)
    atanlo                                   0x0000a2a8   Data          32  atan.o(.constdata)
    aTodd                                    0x0000a2c8   Data          40  atan.o(.constdata)
    aTeven                                   0x0000a2f0   Data          48  atan.o(.constdata)
    C                                        0x0000a320   Data          48  cos_i.o(.constdata)
    .constdata                               0x0000a320   Section       48  cos_i.o(.constdata)
    .constdata                               0x0000a350   Section        8  qnan.o(.constdata)
    pio2s                                    0x0000a358   Data          48  rred.o(.constdata)
    .constdata                               0x0000a358   Section      204  rred.o(.constdata)
    twooverpi                                0x0000a388   Data         156  rred.o(.constdata)
    S                                        0x0000a428   Data          40  sin_i.o(.constdata)
    .constdata                               0x0000a428   Section       40  sin_i.o(.constdata)
    [Anonymous Symbol]                       0x0000a450   Section        0  timer.o(.rodata.cst32)
    [Anonymous Symbol]                       0x0000a4cc   Section        0  gcode.o(.rodata.str1.1)
    [Anonymous Symbol]                       0x0000a570   Section        0  report.o(.rodata.str1.1)
    [Anonymous Symbol]                       0x0000a73e   Section        0  settings.o(.rodata.str1.1)
    [Anonymous Symbol]                       0x0000a793   Section        0  spindle_control.o(.rodata.str1.1)
    _errno                                   0x20000000   Data           4  errno.o(.data)
    .data                                    0x20000000   Section        4  errno.o(.data)
    block_buffer                             0x20000030   Data        2016  planner.o(.bss.block_buffer)
    [Anonymous Symbol]                       0x20000030   Section        0  planner.o(.bss.block_buffer)
    block_buffer_head                        0x20000810   Data           1  planner.o(.bss.block_buffer_head)
    [Anonymous Symbol]                       0x20000810   Section        0  planner.o(.bss.block_buffer_head)
    block_buffer_planned                     0x20000811   Data           1  planner.o(.bss.block_buffer_planned)
    [Anonymous Symbol]                       0x20000811   Section        0  planner.o(.bss.block_buffer_planned)
    block_buffer_tail                        0x20000812   Data           1  planner.o(.bss.block_buffer_tail)
    [Anonymous Symbol]                       0x20000812   Section        0  planner.o(.bss.block_buffer_tail)
    busy                                     0x20000813   Data           1  stepper.o(.bss.busy)
    [Anonymous Symbol]                       0x20000813   Section        0  stepper.o(.bss.busy)
    dir_port_invert_mask                     0x2000081c   Data           1  stepper.o(.bss.dir_port_invert_mask)
    [Anonymous Symbol]                       0x2000081c   Section        0  stepper.o(.bss.dir_port_invert_mask)
    line                                     0x200008a4   Data         256  protocol.o(.bss.line)
    [Anonymous Symbol]                       0x200008a4   Section        0  protocol.o(.bss.line)
    next_buffer_head                         0x200009a4   Data           1  planner.o(.bss.next_buffer_head)
    [Anonymous Symbol]                       0x200009a4   Section        0  planner.o(.bss.next_buffer_head)
    pl                                       0x200009a8   Data          28  planner.o(.bss.pl)
    [Anonymous Symbol]                       0x200009a8   Section        0  planner.o(.bss.pl)
    pl_block                                 0x200009c4   Data           4  stepper.o(.bss.pl_block)
    [Anonymous Symbol]                       0x200009c4   Section        0  stepper.o(.bss.pl_block)
    prep                                     0x200009c8   Data          56  stepper.o(.bss.prep)
    [Anonymous Symbol]                       0x200009c8   Section        0  stepper.o(.bss.prep)
    pwm_gradient                             0x20000a04   Data           4  spindle_control.o(.bss.pwm_gradient)
    [Anonymous Symbol]                       0x20000a04   Section        0  spindle_control.o(.bss.pwm_gradient)
    segment_buffer                           0x20000a08   Data          80  stepper.o(.bss.segment_buffer)
    [Anonymous Symbol]                       0x20000a08   Section        0  stepper.o(.bss.segment_buffer)
    segment_buffer_head                      0x20000a58   Data           1  stepper.o(.bss.segment_buffer_head)
    [Anonymous Symbol]                       0x20000a58   Section        0  stepper.o(.bss.segment_buffer_head)
    segment_buffer_tail                      0x20000a59   Data           1  stepper.o(.bss.segment_buffer_tail)
    [Anonymous Symbol]                       0x20000a59   Section        0  stepper.o(.bss.segment_buffer_tail)
    segment_next_head                        0x20000a5a   Data           1  stepper.o(.bss.segment_next_head)
    [Anonymous Symbol]                       0x20000a5a   Section        0  stepper.o(.bss.segment_next_head)
    st                                       0x20000cbc   Data          40  stepper.o(.bss.st)
    [Anonymous Symbol]                       0x20000cbc   Section        0  stepper.o(.bss.st)
    st_block_buffer                          0x20000ce4   Data         180  stepper.o(.bss.st_block_buffer)
    [Anonymous Symbol]                       0x20000ce4   Section        0  stepper.o(.bss.st_block_buffer)
    st_prep_block                            0x20000d98   Data           4  stepper.o(.bss.st_prep_block)
    [Anonymous Symbol]                       0x20000d98   Section        0  stepper.o(.bss.st_prep_block)
    step_port_invert_mask                    0x20000d9c   Data           1  stepper.o(.bss.step_port_invert_mask)
    [Anonymous Symbol]                       0x20000d9c   Section        0  stepper.o(.bss.step_port_invert_mask)
    STACK                                    0x20000dd8   Section     1024  startup_nuc100series.o(STACK)

    Global Symbols

    Symbol Name                              Value     Ov Type        Size  Object(Section)

    BuildAttributes$$THM_ISAv3M$S$PE$A:L22$X:L11$S22$IEEE1$IW$~IW$USESV6$~STKCKD$USESV7$~SHL$OTIME$ROPI$IEEEX$EBA8$MICROLIB$REQ8$PRES8$EABIv2 0x00000000   Number         0  anon$$obj.o ABSOLUTE
    __Vectors                                0x00000000   Data           4  startup_nuc100series.o(RESET)
    __cpp_initialize__aeabi_                  - Undefined Weak Reference
    __cxa_finalize                            - Undefined Weak Reference
    __decompress                              - Undefined Weak Reference
    _clock_init                               - Undefined Weak Reference
    _microlib_exit                            - Undefined Weak Reference
    __main                                   0x000000c1   Thumb Code     0  entry.o(.ARM.Collect$$$$00000000)
    _main_stk                                0x000000c1   Thumb Code     0  entry2.o(.ARM.Collect$$$$00000001)
    _main_scatterload                        0x000000c5   Thumb Code     0  entry5.o(.ARM.Collect$$$$00000004)
    __main_after_scatterload                 0x000000c9   Thumb Code     0  entry5.o(.ARM.Collect$$$$00000004)
    _main_clock                              0x000000c9   Thumb Code     0  entry7b.o(.ARM.Collect$$$$00000008)
    _main_cpp_init                           0x000000c9   Thumb Code     0  entry8b.o(.ARM.Collect$$$$0000000A)
    _main_init                               0x000000c9   Thumb Code     0  entry9a.o(.ARM.Collect$$$$0000000B)
    __rt_final_cpp                           0x000000d1   Thumb Code     0  entry10a.o(.ARM.Collect$$$$0000000D)
    __rt_final_exit                          0x000000d1   Thumb Code     0  entry11a.o(.ARM.Collect$$$$0000000F)
    Reset_Handler                            0x000000d5   Thumb Code    32  startup_nuc100series.o(.text)
    NMI_Handler                              0x000000f5   Thumb Code     2  startup_nuc100series.o(.text)
    HardFault_Handler                        0x000000f7   Thumb Code     2  startup_nuc100series.o(.text)
    SVC_Handler                              0x000000f9   Thumb Code     2  startup_nuc100series.o(.text)
    PendSV_Handler                           0x000000fb   Thumb Code     2  startup_nuc100series.o(.text)
    SysTick_Handler                          0x000000fd   Thumb Code     2  startup_nuc100series.o(.text)
    ACMP_IRQHandler                          0x000000ff   Thumb Code     0  startup_nuc100series.o(.text)
    ADC_IRQHandler                           0x000000ff   Thumb Code     0  startup_nuc100series.o(.text)
    BOD_IRQHandler                           0x000000ff   Thumb Code     0  startup_nuc100series.o(.text)
    CAN0_IRQHandler                          0x000000ff   Thumb Code     0  startup_nuc100series.o(.text)
    CAN1_IRQHandler                          0x000000ff   Thumb Code     0  startup_nuc100series.o(.text)
    EINT0_IRQHandler                         0x000000ff   Thumb Code     0  startup_nuc100series.o(.text)
    EINT1_IRQHandler                         0x000000ff   Thumb Code     0  startup_nuc100series.o(.text)
    GPAB_IRQHandler                          0x000000ff   Thumb Code     0  startup_nuc100series.o(.text)
    GPCDEF_IRQHandler                        0x000000ff   Thumb Code     0  startup_nuc100series.o(.text)
    I2C0_IRQHandler                          0x000000ff   Thumb Code     0  startup_nuc100series.o(.text)
    I2C1_IRQHandler                          0x000000ff   Thumb Code     0  startup_nuc100series.o(.text)
    I2S_IRQHandler                           0x000000ff   Thumb Code     0  startup_nuc100series.o(.text)
    PDMA_IRQHandler                          0x000000ff   Thumb Code     0  startup_nuc100series.o(.text)
    PS2_IRQHandler                           0x000000ff   Thumb Code     0  startup_nuc100series.o(.text)
    PWM0_IRQHandler                          0x000000ff   Thumb Code     0  startup_nuc100series.o(.text)
    PWM1_IRQHandler                          0x000000ff   Thumb Code     0  startup_nuc100series.o(.text)
    PWRWU_IRQHandler                         0x000000ff   Thumb Code     0  startup_nuc100series.o(.text)
    RTC_IRQHandler                           0x000000ff   Thumb Code     0  startup_nuc100series.o(.text)
    SC012_IRQHandler                         0x000000ff   Thumb Code     0  startup_nuc100series.o(.text)
    SPI0_IRQHandler                          0x000000ff   Thumb Code     0  startup_nuc100series.o(.text)
    SPI1_IRQHandler                          0x000000ff   Thumb Code     0  startup_nuc100series.o(.text)
    SPI2_IRQHandler                          0x000000ff   Thumb Code     0  startup_nuc100series.o(.text)
    SPI3_IRQHandler                          0x000000ff   Thumb Code     0  startup_nuc100series.o(.text)
    TMR2_IRQHandler                          0x000000ff   Thumb Code     0  startup_nuc100series.o(.text)
    TMR3_IRQHandler                          0x000000ff   Thumb Code     0  startup_nuc100series.o(.text)
    UART1_IRQHandler                         0x000000ff   Thumb Code     0  startup_nuc100series.o(.text)
    USBD_IRQHandler                          0x000000ff   Thumb Code     0  startup_nuc100series.o(.text)
    WDT_IRQHandler                           0x000000ff   Thumb Code     0  startup_nuc100series.o(.text)
    labs                                     0x00000121   Thumb Code     8  slabs.o(.text)
    __aeabi_memcpy                           0x00000129   Thumb Code    36  memcpya.o(.text)
    __aeabi_memcpy4                          0x00000129   Thumb Code     0  memcpya.o(.text)
    __aeabi_memcpy8                          0x00000129   Thumb Code     0  memcpya.o(.text)
    __aeabi_memset                           0x0000014d   Thumb Code    14  memseta.o(.text)
    __aeabi_memset4                          0x0000014d   Thumb Code     0  memseta.o(.text)
    __aeabi_memset8                          0x0000014d   Thumb Code     0  memseta.o(.text)
    __aeabi_memclr                           0x0000015b   Thumb Code     4  memseta.o(.text)
    __aeabi_memclr4                          0x0000015b   Thumb Code     0  memseta.o(.text)
    __aeabi_memclr8                          0x0000015b   Thumb Code     0  memseta.o(.text)
    _memset$wrapper                          0x0000015f   Thumb Code    18  memseta.o(.text)
    memcmp                                   0x00000171   Thumb Code    26  memcmp.o(.text)
    __aeabi_fadd                             0x0000018b   Thumb Code   162  fadd.o(.text)
    __aeabi_fsub                             0x0000022d   Thumb Code     8  fadd.o(.text)
    __aeabi_frsub                            0x00000235   Thumb Code     8  fadd.o(.text)
    __aeabi_fmul                             0x0000023d   Thumb Code   122  fmul.o(.text)
    __aeabi_fdiv                             0x000002b7   Thumb Code   124  fdiv.o(.text)
    __aeabi_dadd                             0x00000335   Thumb Code   328  dadd.o(.text)
    __aeabi_dsub                             0x0000047d   Thumb Code    12  dadd.o(.text)
    __aeabi_drsub                            0x00000489   Thumb Code    12  dadd.o(.text)
    __aeabi_dmul                             0x00000499   Thumb Code   202  dmul.o(.text)
    __aeabi_ddiv                             0x00000569   Thumb Code   234  ddiv.o(.text)
    __aeabi_fcmple                           0x00000659   Thumb Code    28  fcmple.o(.text)
    __aeabi_fcmplt                           0x00000675   Thumb Code    28  fcmplt.o(.text)
    __aeabi_fcmpge                           0x00000691   Thumb Code    28  fcmpge.o(.text)
    __aeabi_fcmpgt                           0x000006ad   Thumb Code    28  fcmpgt.o(.text)
    __aeabi_fcmpeq                           0x000006c9   Thumb Code    28  fcmpeq.o(.text)
    __aeabi_dcmple                           0x000006e5   Thumb Code    44  dcmple.o(.text)
    __aeabi_dcmplt                           0x00000711   Thumb Code    44  dcmplt.o(.text)
    __aeabi_dcmpge                           0x0000073d   Thumb Code    44  dcmpge.o(.text)
    __aeabi_dcmpgt                           0x00000769   Thumb Code    44  dcmpgt.o(.text)
    __aeabi_dcmpeq                           0x00000795   Thumb Code    46  dcmpeq.o(.text)
    __aeabi_i2f                              0x000007c3   Thumb Code    22  fflti.o(.text)
    __aeabi_ui2f                             0x000007d9   Thumb Code    14  ffltui.o(.text)
    __aeabi_i2d                              0x000007e9   Thumb Code    34  dflti.o(.text)
    __aeabi_ui2d                             0x00000811   Thumb Code    24  dfltui.o(.text)
    __aeabi_f2iz                             0x0000082d   Thumb Code    50  ffixi.o(.text)
    __aeabi_d2iz                             0x00000861   Thumb Code    62  dfixi.o(.text)
    __aeabi_d2uiz                            0x000008a9   Thumb Code    50  dfixui.o(.text)
    __aeabi_f2d                              0x000008e5   Thumb Code    40  f2d.o(.text)
    __aeabi_d2f                              0x0000090d   Thumb Code    56  d2f.o(.text)
    __aeabi_uidiv                            0x00000945   Thumb Code     0  uidiv_div0.o(.text)
    __aeabi_uidivmod                         0x00000945   Thumb Code    62  uidiv_div0.o(.text)
    __aeabi_llsl                             0x00000983   Thumb Code    32  llshl.o(.text)
    _ll_shift_l                              0x00000983   Thumb Code     0  llshl.o(.text)
    __aeabi_llsr                             0x000009a3   Thumb Code    34  llushr.o(.text)
    _ll_ushift_r                             0x000009a3   Thumb Code     0  llushr.o(.text)
    __aeabi_lasr                             0x000009c5   Thumb Code    38  llsshr.o(.text)
    _ll_sshift_r                             0x000009c5   Thumb Code     0  llsshr.o(.text)
    __I$use$fp                               0x000009eb   Thumb Code     0  iusefp.o(.text)
    _float_round                             0x000009eb   Thumb Code    16  fepilogue.o(.text)
    _float_epilogue                          0x000009fb   Thumb Code   114  fepilogue.o(.text)
    _double_round                            0x00000a6d   Thumb Code    26  depilogue.o(.text)
    _double_epilogue                         0x00000a87   Thumb Code   164  depilogue.o(.text)
    _dsqrt                                   0x00000b2b   Thumb Code   162  dsqrt.o(.text)
    _drnd                                    0x00000bcd   Thumb Code   114  drnd.o(.text)
    _dfix_r                                  0x00000c49   Thumb Code   168  dfixir.o(.text)
    __aeabi_cdcmpeq                          0x00000cf9   Thumb Code     0  cdcmple.o(.text)
    __aeabi_cdcmple                          0x00000cf9   Thumb Code    38  cdcmple.o(.text)
    __aeabi_cdrcmple                         0x00000d21   Thumb Code    38  cdrcmple.o(.text)
    __scatterload                            0x00000d49   Thumb Code    28  init.o(.text)
    __scatterload_rt2                        0x00000d49   Thumb Code     0  init.o(.text)
    __ARM_scalbn                             0x00000d6d   Thumb Code    44  dscalb.o(.text)
    scalbn                                   0x00000d6d   Thumb Code     0  dscalb.o(.text)
    CLK_EnableModuleClock                    0x00000d99   Thumb Code    52  clk.o(.text.CLK_EnableModuleClock)
    CLK_EnablePLL                            0x00000dd1   Thumb Code   472  clk.o(.text.CLK_EnablePLL)
    CLK_EnableXtalRC                         0x00000fd9   Thumb Code    20  clk.o(.text.CLK_EnableXtalRC)
    CLK_SetCoreClock                         0x000011cd   Thumb Code   180  clk.o(.text.CLK_SetCoreClock)
    CLK_SetHCLK                              0x00001295   Thumb Code   108  clk.o(.text.CLK_SetHCLK)
    CLK_SetModuleClock                       0x00001305   Thumb Code   280  clk.o(.text.CLK_SetModuleClock)
    CLK_WaitClockReady                       0x00001435   Thumb Code    56  clk.o(.text.CLK_WaitClockReady)
    ControlOutput_Init                       0x00001475   Thumb Code    60  controloutput.o(.text.ControlOutput_Init)
    GPIO_SetMode                             0x000014d1   Thumb Code    76  gpio.o(.text.GPIO_SetMode)
    SYS_Init                                 0x00001559   Thumb Code   112  sys_init.o(.text.SYS_Init)
    SystemCoreClockUpdate                    0x00001621   Thumb Code    96  system_nuc100series.o(.text.SystemCoreClockUpdate)
    SystemInit                               0x0000169d   Thumb Code     2  system_nuc100series.o(.text.SystemInit)
    TIMER_GetModuleClock                     0x000016c1   Thumb Code   152  timer.o(.text.TIMER_GetModuleClock)
    TIMER_Open                               0x0000176d   Thumb Code   158  timer.o(.text.TIMER_Open)
    TMR0_IRQHandler                          0x0000180d   Thumb Code   108  stepper.o(.text.TMR0_IRQHandler)
    TMR1_IRQHandler                          0x00001881   Thumb Code   776  stepper.o(.text.TMR1_IRQHandler)
    UART02_IRQHandler                        0x00001bdd   Thumb Code   572  serial.o(.text.UART02_IRQHandler)
    UART_Open                                0x00001e45   Thumb Code   212  uart.o(.text.UART_Open)
    convert_delta_vector_to_unit_vector      0x00001fdd   Thumb Code   204  nuts_bolts.o(.text.convert_delta_vector_to_unit_vector)
    coolant_get_state                        0x000020a9   Thumb Code     4  coolant_control.o(.text.coolant_get_state)
    coolant_init                             0x000020ad   Thumb Code     2  coolant_control.o(.text.coolant_init)
    coolant_set_state                        0x000020af   Thumb Code    10  coolant_control.o(.text.coolant_set_state)
    coolant_stop                             0x000020b9   Thumb Code     2  coolant_control.o(.text.coolant_stop)
    coolant_sync                             0x000020bd   Thumb Code    40  coolant_control.o(.text.coolant_sync)
    delay_ms                                 0x000020e5   Thumb Code    40  nuts_bolts.o(.text.delay_ms)
    delay_sec                                0x00002111   Thumb Code   112  nuts_bolts.o(.text.delay_sec)
    eeprom_put_char                          0x0000218d   Thumb Code    12  eeprom.o(.text.eeprom_put_char)
    gc_execute_line                          0x00002199   Thumb Code  6932  gcode.o(.text.gc_execute_line)
    gc_init                                  0x00003cb5   Thumb Code    44  gcode.o(.text.gc_init)
    gc_sync_position                         0x00003ce5   Thumb Code    16  gcode.o(.text.gc_sync_position)
    get_direction_pin_mask                   0x00003cfd   Thumb Code    58  settings.o(.text.get_direction_pin_mask)
    get_step_pin_mask                        0x00003d37   Thumb Code    58  settings.o(.text.get_step_pin_mask)
    hypot_f                                  0x00003d71   Thumb Code    52  nuts_bolts.o(.text.hypot_f)
    jog_execute                              0x00003da5   Thumb Code   136  jog.o(.text.jog_execute)
    limit_value_by_axis_maximum              0x00003e35   Thumb Code   192  nuts_bolts.o(.text.limit_value_by_axis_maximum)
    limits_disable                           0x00003ef9   Thumb Code     2  limits.o(.text.limits_disable)
    limits_get_state                         0x00003efb   Thumb Code     4  limits.o(.text.limits_get_state)
    limits_go_home                           0x00003f01   Thumb Code  1084  limits.o(.text.limits_go_home)
    limits_init                              0x0000434d   Thumb Code     2  limits.o(.text.limits_init)
    limits_soft_check                        0x00004351   Thumb Code    92  limits.o(.text.limits_soft_check)
    main                                     0x000043ad   Thumb Code   196  main_1.o(.text.main)
    mc_arc                                   0x00004495   Thumb Code  1116  motion_control.o(.text.mc_arc)
    mc_dwell                                 0x00004919   Thumb Code    36  motion_control.o(.text.mc_dwell)
    mc_homing_cycle                          0x0000493d   Thumb Code    60  motion_control.o(.text.mc_homing_cycle)
    mc_line                                  0x00004979   Thumb Code   160  motion_control.o(.text.mc_line)
    mc_probe_cycle                           0x00004a1d   Thumb Code   300  motion_control.o(.text.mc_probe_cycle)
    mc_reset                                 0x00004b55   Thumb Code   104  motion_control.o(.text.mc_reset)
    plan_buffer_line                         0x00004bc9   Thumb Code   976  planner.o(.text.plan_buffer_line)
    plan_check_full_buffer                   0x00004fc1   Thumb Code    40  planner.o(.text.plan_check_full_buffer)
    plan_compute_profile_nominal_speed       0x00004fe9   Thumb Code   188  planner.o(.text.plan_compute_profile_nominal_speed)
    plan_cycle_reinitialize                  0x00005105   Thumb Code    20  planner.o(.text.plan_cycle_reinitialize)
    plan_discard_current_block               0x00005119   Thumb Code    68  planner.o(.text.plan_discard_current_block)
    plan_get_block_buffer_available          0x00005165   Thumb Code    60  planner.o(.text.plan_get_block_buffer_available)
    plan_get_current_block                   0x000051a1   Thumb Code    44  planner.o(.text.plan_get_current_block)
    plan_get_exec_block_exit_speed_sqr       0x000051cd   Thumb Code    60  planner.o(.text.plan_get_exec_block_exit_speed_sqr)
    plan_get_system_motion_block             0x00005209   Thumb Code    16  planner.o(.text.plan_get_system_motion_block)
    plan_next_block_index                    0x00005219   Thumb Code    38  planner.o(.text.plan_next_block_index)
    plan_reset                               0x00005265   Thumb Code    28  planner.o(.text.plan_reset)
    plan_reset_buffer                        0x00005281   Thumb Code    24  planner.o(.text.plan_reset_buffer)
    plan_sync_position                       0x000052a5   Thumb Code    52  planner.o(.text.plan_sync_position)
    plan_update_velocity_profile_parameters  0x000052e1   Thumb Code    96  planner.o(.text.plan_update_velocity_profile_parameters)
    printFloat                               0x00005561   Thumb Code   320  print.o(.text.printFloat)
    printFloat_CoordValue                    0x000056ad   Thumb Code    60  print.o(.text.printFloat_CoordValue)
    printFloat_RateValue                     0x000056e9   Thumb Code    60  print.o(.text.printFloat_RateValue)
    printInteger                             0x0000572d   Thumb Code    42  print.o(.text.printInteger)
    printPgmString                           0x00005757   Thumb Code    40  print.o(.text.printPgmString)
    printString                              0x0000577f   Thumb Code    36  print.o(.text.printString)
    print_uint32_base10                      0x000057a3   Thumb Code   122  print.o(.text.print_uint32_base10)
    print_uint8_base10                       0x0000581d   Thumb Code   172  print.o(.text.print_uint8_base10)
    probe_configure_invert_mask              0x000058c9   Thumb Code    64  probe.o(.text.probe_configure_invert_mask)
    probe_get_state                          0x00005911   Thumb Code     4  probe.o(.text.probe_get_state)
    probe_init                               0x00005915   Thumb Code     2  probe.o(.text.probe_init)
    probe_state_monitor                      0x00005919   Thumb Code    48  probe.o(.text.probe_state_monitor)
    protocol_auto_cycle_start                0x00005959   Thumb Code    22  protocol.o(.text.protocol_auto_cycle_start)
    protocol_buffer_synchronize              0x00005971   Thumb Code    72  protocol.o(.text.protocol_buffer_synchronize)
    protocol_exec_rt_system                  0x00005c69   Thumb Code  1752  protocol.o(.text.protocol_exec_rt_system)
    protocol_execute_realtime                0x00006351   Thumb Code    24  protocol.o(.text.protocol_execute_realtime)
    protocol_main_loop                       0x0000636d   Thumb Code   528  protocol.o(.text.protocol_main_loop)
    read_float                               0x0000658d   Thumb Code   500  nuts_bolts.o(.text.read_float)
    report_alarm_message                     0x00006795   Thumb Code    40  report.o(.text.report_alarm_message)
    report_build_info                        0x000067c1   Thumb Code    88  report.o(.text.report_build_info)
    report_execute_startup_message           0x00006821   Thumb Code    42  report.o(.text.report_execute_startup_message)
    report_feedback_message                  0x0000684d   Thumb Code   180  report.o(.text.report_feedback_message)
    report_gcode_modes                       0x00006931   Thumb Code   372  report.o(.text.report_gcode_modes)
    report_grbl_help                         0x00006abd   Thumb Code    12  report.o(.text.report_grbl_help)
    report_grbl_settings                     0x00006acd   Thumb Code   556  report.o(.text.report_grbl_settings)
    report_init_message                      0x00006d01   Thumb Code    12  report.o(.text.report_init_message)
    report_ngc_parameters                    0x00006d11   Thumb Code   176  report.o(.text.report_ngc_parameters)
    report_probe_parameters                  0x00006dd9   Thumb Code    48  report.o(.text.report_probe_parameters)
    report_realtime_status                   0x00006e15   Thumb Code  1216  report.o(.text.report_realtime_status)
    report_startup_line                      0x0000730d   Thumb Code    48  report.o(.text.report_startup_line)
    report_status_message                    0x00007341   Thumb Code    52  report.o(.text.report_status_message)
    report_util_setting_prefix               0x0000742d   Thumb Code    34  report.o(.text.report_util_setting_prefix)
    serial_get_rx_buffer_available           0x00007471   Thumb Code    64  serial.o(.text.serial_get_rx_buffer_available)
    serial_init                              0x000074b1   Thumb Code    32  serial.o(.text.serial_init)
    serial_read                              0x000074d5   Thumb Code    92  serial.o(.text.serial_read)
    serial_reset_read_buffer                 0x00007535   Thumb Code    12  serial.o(.text.serial_reset_read_buffer)
    serial_write                             0x00007549   Thumb Code   100  serial.o(.text.serial_write)
    settings_init                            0x000075c1   Thumb Code    16  settings.o(.text.settings_init)
    settings_read_build_info                 0x000075d1   Thumb Code    20  settings.o(.text.settings_read_build_info)
    settings_read_coord_data                 0x000075e9   Thumb Code    14  settings.o(.text.settings_read_coord_data)
    settings_read_startup_line               0x000075f7   Thumb Code    14  settings.o(.text.settings_read_startup_line)
    settings_restore                         0x00007605   Thumb Code   204  settings.o(.text.settings_restore)
    settings_store_build_info                0x000076f1   Thumb Code    28  settings.o(.text.settings_store_build_info)
    settings_store_global_setting            0x00007715   Thumb Code   984  settings.o(.text.settings_store_global_setting)
    settings_store_startup_line              0x00007af5   Thumb Code    32  settings.o(.text.settings_store_startup_line)
    settings_write_coord_data                0x00007b19   Thumb Code    52  settings.o(.text.settings_write_coord_data)
    sleep_init                               0x00007b51   Thumb Code     2  sleep.o(.text.sleep_init)
    spindle_compute_pwm_value                0x00007b55   Thumb Code   224  spindle_control.o(.text.spindle_compute_pwm_value)
    spindle_get_state                        0x00007c49   Thumb Code     4  spindle_control.o(.text.spindle_get_state)
    spindle_init                             0x00007c4d   Thumb Code     2  spindle_control.o(.text.spindle_init)
    spindle_set_speed                        0x00007c4f   Thumb Code    10  spindle_control.o(.text.spindle_set_speed)
    spindle_set_state                        0x00007c59   Thumb Code    52  spindle_control.o(.text.spindle_set_state)
    spindle_stop                             0x00007c99   Thumb Code    12  spindle_control.o(.text.spindle_stop)
    spindle_sync                             0x00007ca9   Thumb Code    44  spindle_control.o(.text.spindle_sync)
    st_generate_step_dir_invert_masks        0x00007cd5   Thumb Code   128  stepper.o(.text.st_generate_step_dir_invert_masks)
    st_get_realtime_rate                     0x00007d61   Thumb Code    36  stepper.o(.text.st_get_realtime_rate)
    st_go_idle                               0x00007d89   Thumb Code   144  stepper.o(.text.st_go_idle)
    st_prep_buffer                           0x00007e61   Thumb Code  2888  stepper.o(.text.st_prep_buffer)
    st_reset                                 0x000089cd   Thumb Code   100  stepper.o(.text.st_reset)
    st_update_plan_block_parameters          0x00008a61   Thumb Code    44  stepper.o(.text.st_update_plan_block_parameters)
    st_wake_up                               0x00008a95   Thumb Code    68  stepper.o(.text.st_wake_up)
    stepper_init                             0x00008ae5   Thumb Code    72  stepper.o(.text.stepper_init)
    system_check_safety_door_ajar            0x00008b45   Thumb Code    12  system.o(.text.system_check_safety_door_ajar)
    system_check_travel_limits               0x00008b51   Thumb Code   108  system.o(.text.system_check_travel_limits)
    system_clear_exec_accessory_overrides    0x00008bbd   Thumb Code     8  system.o(.text.system_clear_exec_accessory_overrides)
    system_clear_exec_alarm                  0x00008bc9   Thumb Code     8  system.o(.text.system_clear_exec_alarm)
    system_clear_exec_motion_overrides       0x00008bd5   Thumb Code     8  system.o(.text.system_clear_exec_motion_overrides)
    system_clear_exec_state_flag             0x00008be1   Thumb Code    20  system.o(.text.system_clear_exec_state_flag)
    system_control_get_state                 0x00008bf9   Thumb Code    14  system.o(.text.system_control_get_state)
    system_convert_array_steps_to_mpos       0x00008c07   Thumb Code    64  system.o(.text.system_convert_array_steps_to_mpos)
    system_convert_axis_steps_to_mpos        0x00008c49   Thumb Code    48  system.o(.text.system_convert_axis_steps_to_mpos)
    system_execute_line                      0x00008c7d   Thumb Code  1396  system.o(.text.system_execute_line)
    system_execute_startup                   0x000091f9   Thumb Code   104  system.o(.text.system_execute_startup)
    system_flag_wco_change                   0x00009261   Thumb Code    16  system.o(.text.system_flag_wco_change)
    system_init                              0x00009275   Thumb Code     2  system.o(.text.system_init)
    system_set_exec_accessory_override_flag  0x00009279   Thumb Code    20  system.o(.text.system_set_exec_accessory_override_flag)
    system_set_exec_alarm                    0x00009291   Thumb Code    16  system.o(.text.system_set_exec_alarm)
    system_set_exec_motion_override_flag     0x000092a5   Thumb Code    20  system.o(.text.system_set_exec_motion_override_flag)
    system_set_exec_state_flag               0x000092bd   Thumb Code    20  system.o(.text.system_set_exec_state_flag)
    write_global_settings                    0x000092d5   Thumb Code    12  settings.o(.text.write_global_settings)
    __ARM_clz                                0x000092e5   Thumb Code    46  depilogue.o(i.__ARM_clz)
    __ARM_common_ll_muluu                    0x00009313   Thumb Code    50  rred.o(i.__ARM_common_ll_muluu)
    __ARM_fpclassify                         0x00009345   Thumb Code    40  fpclassify.o(i.__ARM_fpclassify)
    __ieee754_rem_pio2                       0x00009371   Thumb Code   838  rred.o(i.__ieee754_rem_pio2)
    __kernel_cos                             0x0000970d   Thumb Code   224  cos_i.o(i.__kernel_cos)
    __kernel_poly                            0x00009801   Thumb Code   172  poly.o(i.__kernel_poly)
    __kernel_sin                             0x000098ad   Thumb Code   222  sin_i.o(i.__kernel_sin)
    __mathlib_dbl_infnan                     0x00009999   Thumb Code    10  dunder.o(i.__mathlib_dbl_infnan)
    __mathlib_dbl_infnan2                    0x000099a3   Thumb Code     8  dunder.o(i.__mathlib_dbl_infnan2)
    __mathlib_dbl_invalid                    0x000099ab   Thumb Code    16  dunder.o(i.__mathlib_dbl_invalid)
    __mathlib_dbl_underflow                  0x000099bd   Thumb Code    14  dunder.o(i.__mathlib_dbl_underflow)
    __scatterload_copy                       0x000099d1   Thumb Code    14  handlers.o(i.__scatterload_copy)
    __scatterload_null                       0x000099df   Thumb Code     2  handlers.o(i.__scatterload_null)
    __scatterload_zeroinit                   0x000099e1   Thumb Code    14  handlers.o(i.__scatterload_zeroinit)
    __set_errno                              0x000099f1   Thumb Code     6  errno.o(i.__set_errno)
    atan                                     0x000099fd   Thumb Code   472  atan.o(i.atan)
    atan2                                    0x00009c19   Thumb Code   372  atan2.o(i.atan2)
    ceil                                     0x00009db5   Thumb Code   180  ceil.o(i.ceil)
    cos                                      0x00009e7d   Thumb Code   142  cos.o(i.cos)
    floor                                    0x00009f15   Thumb Code   180  floor.o(i.floor)
    lround                                   0x00009fdd   Thumb Code   170  lround.o(i.lround)
    round                                    0x0000a0a1   Thumb Code   142  round.o(i.round)
    sin                                      0x0000a13d   Thumb Code   146  sin.o(i.sin)
    sqrt                                     0x0000a1d9   Thumb Code    66  sqrt.o(i.sqrt)
    trunc                                    0x0000a221   Thumb Code    96  trunc.o(i.trunc)
    __mathlib_zero                           0x0000a350   Data           8  qnan.o(.constdata)
    defaults                                 0x0000a470   Data          92  settings.o(.rodata.defaults)
    Region$$Table$$Base                      0x0000a7b4   Number         0  anon$$obj.o(Region$$Table)
    Region$$Table$$Limit                     0x0000a7d4   Number         0  anon$$obj.o(Region$$Table)
    CyclesPerUs                              0x20000004   Data           4  system_nuc100series.o(.data.CyclesPerUs)
    PllClock                                 0x20000008   Data           4  system_nuc100series.o(.data.PllClock)
    SystemCoreClock                          0x2000000c   Data           4  system_nuc100series.o(.data.SystemCoreClock)
    gau32ClkSrcTbl                           0x20000010   Data          32  system_nuc100series.o(.data.gau32ClkSrcTbl)
    dbtiktim0                                0x20000814   Data           4  stepper.o(.bss.dbtiktim0)
    dbtiktim1                                0x20000818   Data           4  stepper.o(.bss.dbtiktim1)
    gc_block                                 0x20000820   Data          64  gcode.o(.bss.gc_block)
    gc_state                                 0x20000860   Data          68  gcode.o(.bss.gc_state)
    probe_invert_mask                        0x20000a00   Data           1  probe.o(.bss.probe_invert_mask)
    serial_rx_buffer                         0x20000a5b   Data         256  serial.o(.bss.serial_rx_buffer)
    serial_rx_buffer_head                    0x20000b5b   Data           1  serial.o(.bss.serial_rx_buffer_head)
    serial_rx_buffer_tail                    0x20000b5c   Data           1  serial.o(.bss.serial_rx_buffer_tail)
    serial_tx_buffer                         0x20000b5d   Data         256  serial.o(.bss.serial_tx_buffer)
    serial_tx_buffer_head                    0x20000c5d   Data           1  serial.o(.bss.serial_tx_buffer_head)
    serial_tx_buffer_tail                    0x20000c5e   Data           1  serial.o(.bss.serial_tx_buffer_tail)
    settings                                 0x20000c60   Data          92  settings.o(.bss.settings)
    sys                                      0x20000da0   Data          20  main_1.o(.bss.sys)
    sys_position                             0x20000db4   Data          12  main_1.o(.bss.sys_position)
    sys_probe_position                       0x20000dc0   Data          12  main_1.o(.bss.sys_probe_position)
    sys_probe_state                          0x20000dcc   Data           1  main_1.o(.bss.sys_probe_state)
    sys_rt_exec_accessory_override           0x20000dcd   Data           1  main_1.o(.bss.sys_rt_exec_accessory_override)
    sys_rt_exec_alarm                        0x20000dce   Data           1  main_1.o(.bss.sys_rt_exec_alarm)
    sys_rt_exec_motion_override              0x20000dcf   Data           1  main_1.o(.bss.sys_rt_exec_motion_override)
    sys_rt_exec_state                        0x20000dd0   Data           1  main_1.o(.bss.sys_rt_exec_state)
    __initial_sp                             0x200011d8   Data           0  startup_nuc100series.o(STACK)



==============================================================================

Memory Map of the image

  Image Entry point : 0x000000d5

  Load Region LR_1 (Base: 0x00000000, Size: 0x0000a804, Max: 0xffffffff, ABSOLUTE)

    Execution Region ER_RO (Exec base: 0x00000000, Load base: 0x00000000, Size: 0x0000a7d4, Max: 0xffffffff, ABSOLUTE)

    Exec Addr    Load Addr    Size         Type   Attr      Idx    E Section Name        Object

    0x00000000   0x00000000   0x000000c0   Data   RO           21    RESET               startup_nuc100series.o
    0x000000c0   0x000000c0   0x00000000   Code   RO          803  * .ARM.Collect$$$$00000000  mc_p.l(entry.o)
    0x000000c0   0x000000c0   0x00000004   Code   RO          905    .ARM.Collect$$$$00000001  mc_p.l(entry2.o)
    0x000000c4   0x000000c4   0x00000004   Code   RO          908    .ARM.Collect$$$$00000004  mc_p.l(entry5.o)
    0x000000c8   0x000000c8   0x00000000   Code   RO          910    .ARM.Collect$$$$00000008  mc_p.l(entry7b.o)
    0x000000c8   0x000000c8   0x00000000   Code   RO          912    .ARM.Collect$$$$0000000A  mc_p.l(entry8b.o)
    0x000000c8   0x000000c8   0x00000008   Code   RO          913    .ARM.Collect$$$$0000000B  mc_p.l(entry9a.o)
    0x000000d0   0x000000d0   0x00000000   Code   RO          915    .ARM.Collect$$$$0000000D  mc_p.l(entry10a.o)
    0x000000d0   0x000000d0   0x00000000   Code   RO          917    .ARM.Collect$$$$0000000F  mc_p.l(entry11a.o)
    0x000000d0   0x000000d0   0x00000004   Code   RO          906    .ARM.Collect$$$$00002712  mc_p.l(entry2.o)
    0x000000d4   0x000000d4   0x0000004c   Code   RO           22  * .text               startup_nuc100series.o
    0x00000120   0x00000120   0x00000008   Code   RO          810    .text               mc_p.l(slabs.o)
    0x00000128   0x00000128   0x00000024   Code   RO          814    .text               mc_p.l(memcpya.o)
    0x0000014c   0x0000014c   0x00000024   Code   RO          816    .text               mc_p.l(memseta.o)
    0x00000170   0x00000170   0x0000001a   Code   RO          818    .text               mc_p.l(memcmp.o)
    0x0000018a   0x0000018a   0x000000b2   Code   RO          822    .text               mf_p.l(fadd.o)
    0x0000023c   0x0000023c   0x0000007a   Code   RO          824    .text               mf_p.l(fmul.o)
    0x000002b6   0x000002b6   0x0000007c   Code   RO          826    .text               mf_p.l(fdiv.o)
    0x00000332   0x00000332   0x00000002   PAD
    0x00000334   0x00000334   0x00000164   Code   RO          828    .text               mf_p.l(dadd.o)
    0x00000498   0x00000498   0x000000d0   Code   RO          830    .text               mf_p.l(dmul.o)
    0x00000568   0x00000568   0x000000f0   Code   RO          832    .text               mf_p.l(ddiv.o)
    0x00000658   0x00000658   0x0000001c   Code   RO          834    .text               mf_p.l(fcmple.o)
    0x00000674   0x00000674   0x0000001c   Code   RO          836    .text               mf_p.l(fcmplt.o)
    0x00000690   0x00000690   0x0000001c   Code   RO          838    .text               mf_p.l(fcmpge.o)
    0x000006ac   0x000006ac   0x0000001c   Code   RO          840    .text               mf_p.l(fcmpgt.o)
    0x000006c8   0x000006c8   0x0000001c   Code   RO          842    .text               mf_p.l(fcmpeq.o)
    0x000006e4   0x000006e4   0x0000002c   Code   RO          844    .text               mf_p.l(dcmple.o)
    0x00000710   0x00000710   0x0000002c   Code   RO          846    .text               mf_p.l(dcmplt.o)
    0x0000073c   0x0000073c   0x0000002c   Code   RO          848    .text               mf_p.l(dcmpge.o)
    0x00000768   0x00000768   0x0000002c   Code   RO          850    .text               mf_p.l(dcmpgt.o)
    0x00000794   0x00000794   0x0000002e   Code   RO          852    .text               mf_p.l(dcmpeq.o)
    0x000007c2   0x000007c2   0x00000016   Code   RO          854    .text               mf_p.l(fflti.o)
    0x000007d8   0x000007d8   0x0000000e   Code   RO          856    .text               mf_p.l(ffltui.o)
    0x000007e6   0x000007e6   0x00000002   PAD
    0x000007e8   0x000007e8   0x00000028   Code   RO          858    .text               mf_p.l(dflti.o)
    0x00000810   0x00000810   0x0000001c   Code   RO          860    .text               mf_p.l(dfltui.o)
    0x0000082c   0x0000082c   0x00000032   Code   RO          862    .text               mf_p.l(ffixi.o)
    0x0000085e   0x0000085e   0x00000002   PAD
    0x00000860   0x00000860   0x00000048   Code   RO          864    .text               mf_p.l(dfixi.o)
    0x000008a8   0x000008a8   0x0000003c   Code   RO          866    .text               mf_p.l(dfixui.o)
    0x000008e4   0x000008e4   0x00000028   Code   RO          868    .text               mf_p.l(f2d.o)
    0x0000090c   0x0000090c   0x00000038   Code   RO          870    .text               mf_p.l(d2f.o)
    0x00000944   0x00000944   0x0000003e   Code   RO          921    .text               mc_p.l(uidiv_div0.o)
    0x00000982   0x00000982   0x00000020   Code   RO          927    .text               mc_p.l(llshl.o)
    0x000009a2   0x000009a2   0x00000022   Code   RO          929    .text               mc_p.l(llushr.o)
    0x000009c4   0x000009c4   0x00000026   Code   RO          931    .text               mc_p.l(llsshr.o)
    0x000009ea   0x000009ea   0x00000000   Code   RO          940    .text               mc_p.l(iusefp.o)
    0x000009ea   0x000009ea   0x00000082   Code   RO          941    .text               mf_p.l(fepilogue.o)
    0x00000a6c   0x00000a6c   0x000000be   Code   RO          943    .text               mf_p.l(depilogue.o)
    0x00000b2a   0x00000b2a   0x000000a2   Code   RO          947    .text               mf_p.l(dsqrt.o)
    0x00000bcc   0x00000bcc   0x0000007c   Code   RO          949    .text               mf_p.l(drnd.o)
    0x00000c48   0x00000c48   0x000000b0   Code   RO          951    .text               mf_p.l(dfixir.o)
    0x00000cf8   0x00000cf8   0x00000028   Code   RO          953    .text               mf_p.l(cdcmple.o)
    0x00000d20   0x00000d20   0x00000028   Code   RO          955    .text               mf_p.l(cdrcmple.o)
    0x00000d48   0x00000d48   0x00000024   Code   RO          961    .text               mc_p.l(init.o)
    0x00000d6c   0x00000d6c   0x0000002c   Code   RO          963    .text               mf_p.l(dscalb.o)
    0x00000d98   0x00000d98   0x00000038   Code   RO           74    .text.CLK_EnableModuleClock  clk.o
    0x00000dd0   0x00000dd0   0x00000208   Code   RO           94    .text.CLK_EnablePLL  clk.o
    0x00000fd8   0x00000fd8   0x00000018   Code   RO          100    .text.CLK_EnableXtalRC  clk.o
    0x00000ff0   0x00000ff0   0x00000098   Code   RO            4    .text.CLK_GetPLLClockFreq  system_nuc100series.o
    0x00001088   0x00001088   0x0000009c   Code   RO          106    .text.CLK_GetPLLClockFreq  clk.o
    0x00001124   0x00001124   0x000000a8   Code   RO          202    .text.CLK_GetPLLClockFreq  uart.o
    0x000011cc   0x000011cc   0x000000c8   Code   RO           92    .text.CLK_SetCoreClock  clk.o
    0x00001294   0x00001294   0x00000070   Code   RO           96    .text.CLK_SetHCLK   clk.o
    0x00001304   0x00001304   0x00000130   Code   RO           76    .text.CLK_SetModuleClock  clk.o
    0x00001434   0x00001434   0x00000040   Code   RO          104    .text.CLK_WaitClockReady  clk.o
    0x00001474   0x00001474   0x0000005c   Code   RO           60    .text.ControlOutput_Init  controloutput.o
    0x000014d0   0x000014d0   0x0000004c   Code   RO          120    .text.GPIO_SetMode  gpio.o
    0x0000151c   0x0000151c   0x0000001c   Code   RO          582    .text.NVIC_EnableIRQ  serial.o
    0x00001538   0x00001538   0x00000020   Code   RO          702    .text.NVIC_EnableIRQ  stepper.o
    0x00001558   0x00001558   0x00000084   Code   RO           29    .text.SYS_Init      sys_init.o
    0x000015dc   0x000015dc   0x00000020   Code   RO           31    .text.SYS_UnlockReg  sys_init.o
    0x000015fc   0x000015fc   0x00000024   Code   RO          346    .text.SYS_UnlockReg  main_1.o
    0x00001620   0x00001620   0x0000007c   Code   RO            2    .text.SystemCoreClockUpdate  system_nuc100series.o
    0x0000169c   0x0000169c   0x00000002   Code   RO            6    .text.SystemInit    system_nuc100series.o
    0x0000169e   0x0000169e   0x0000000e   Code   RO          690    .text.TIMER_ClearIntFlag  stepper.o
    0x000016ac   0x000016ac   0x00000014   Code   RO          700    .text.TIMER_EnableInt  stepper.o
    0x000016c0   0x000016c0   0x000000ac   Code   RO          162    .text.TIMER_GetModuleClock  timer.o
    0x0000176c   0x0000176c   0x0000009e   Code   RO          160    .text.TIMER_Open    timer.o
    0x0000180a   0x0000180a   0x00000002   PAD
    0x0000180c   0x0000180c   0x00000074   Code   RO          692    .text.TMR0_IRQHandler  stepper.o
    0x00001880   0x00001880   0x0000035c   Code   RO          688    .text.TMR1_IRQHandler  stepper.o
    0x00001bdc   0x00001bdc   0x00000268   Code   RO          588    .text.UART02_IRQHandler  serial.o
    0x00001e44   0x00001e44   0x000000e8   Code   RO          200    .text.UART_Open     uart.o
    0x00001f2c   0x00001f2c   0x000000b0   Code   RO          388    .text._delay_ms     nuts_bolts.o
    0x00001fdc   0x00001fdc   0x000000cc   Code   RO          398    .text.convert_delta_vector_to_unit_vector  nuts_bolts.o
    0x000020a8   0x000020a8   0x00000004   Code   RO          266    .text.coolant_get_state  coolant_control.o
    0x000020ac   0x000020ac   0x00000002   Code   RO          264    .text.coolant_init  coolant_control.o
    0x000020ae   0x000020ae   0x0000000a   Code   RO          270    .text.coolant_set_state  coolant_control.o
    0x000020b8   0x000020b8   0x00000002   Code   RO          268    .text.coolant_stop  coolant_control.o
    0x000020ba   0x000020ba   0x00000002   PAD
    0x000020bc   0x000020bc   0x00000028   Code   RO          272    .text.coolant_sync  coolant_control.o
    0x000020e4   0x000020e4   0x0000002c   Code   RO          390    .text.delay_ms      nuts_bolts.o
    0x00002110   0x00002110   0x0000007c   Code   RO          386    .text.delay_sec     nuts_bolts.o
    0x0000218c   0x0000218c   0x0000000c   Code   RO          283    .text.eeprom_put_char  eeprom.o
    0x00002198   0x00002198   0x00001b1c   Code   RO          301    .text.gc_execute_line  gcode.o
    0x00003cb4   0x00003cb4   0x00000030   Code   RO          297    .text.gc_init       gcode.o
    0x00003ce4   0x00003ce4   0x00000018   Code   RO          299    .text.gc_sync_position  gcode.o
    0x00003cfc   0x00003cfc   0x0000003a   Code   RO          629    .text.get_direction_pin_mask  settings.o
    0x00003d36   0x00003d36   0x0000003a   Code   RO          627    .text.get_step_pin_mask  settings.o
    0x00003d70   0x00003d70   0x00000034   Code   RO          396    .text.hypot_f       nuts_bolts.o
    0x00003da4   0x00003da4   0x00000090   Code   RO          313    .text.jog_execute   jog.o
    0x00003e34   0x00003e34   0x000000c4   Code   RO          400    .text.limit_value_by_axis_maximum  nuts_bolts.o
    0x00003ef8   0x00003ef8   0x00000002   Code   RO          323    .text.limits_disable  limits.o
    0x00003efa   0x00003efa   0x00000004   Code   RO          325    .text.limits_get_state  limits.o
    0x00003efe   0x00003efe   0x00000002   PAD
    0x00003f00   0x00003f00   0x0000044c   Code   RO          327    .text.limits_go_home  limits.o
    0x0000434c   0x0000434c   0x00000002   Code   RO          321    .text.limits_init   limits.o
    0x0000434e   0x0000434e   0x00000002   PAD
    0x00004350   0x00004350   0x0000005c   Code   RO          329    .text.limits_soft_check  limits.o
    0x000043ac   0x000043ac   0x000000e8   Code   RO          344    .text.main          main_1.o
    0x00004494   0x00004494   0x00000484   Code   RO          367    .text.mc_arc        motion_control.o
    0x00004918   0x00004918   0x00000024   Code   RO          369    .text.mc_dwell      motion_control.o
    0x0000493c   0x0000493c   0x0000003c   Code   RO          371    .text.mc_homing_cycle  motion_control.o
    0x00004978   0x00004978   0x000000a4   Code   RO          365    .text.mc_line       motion_control.o
    0x00004a1c   0x00004a1c   0x00000138   Code   RO          373    .text.mc_probe_cycle  motion_control.o
    0x00004b54   0x00004b54   0x00000074   Code   RO          375    .text.mc_reset      motion_control.o
    0x00004bc8   0x00004bc8   0x000003f8   Code   RO          431    .text.plan_buffer_line  planner.o
    0x00004fc0   0x00004fc0   0x00000028   Code   RO          423    .text.plan_check_full_buffer  planner.o
    0x00004fe8   0x00004fe8   0x000000cc   Code   RO          425    .text.plan_compute_profile_nominal_speed  planner.o
    0x000050b4   0x000050b4   0x00000050   Code   RO          429    .text.plan_compute_profile_parameters  planner.o
    0x00005104   0x00005104   0x00000014   Code   RO          439    .text.plan_cycle_reinitialize  planner.o
    0x00005118   0x00005118   0x0000004c   Code   RO          415    .text.plan_discard_current_block  planner.o
    0x00005164   0x00005164   0x0000003c   Code   RO          435    .text.plan_get_block_buffer_available  planner.o
    0x000051a0   0x000051a0   0x0000002c   Code   RO          419    .text.plan_get_current_block  planner.o
    0x000051cc   0x000051cc   0x0000003c   Code   RO          421    .text.plan_get_exec_block_exit_speed_sqr  planner.o
    0x00005208   0x00005208   0x00000010   Code   RO          417    .text.plan_get_system_motion_block  planner.o
    0x00005218   0x00005218   0x00000026   Code   RO          409    .text.plan_next_block_index  planner.o
    0x0000523e   0x0000523e   0x00000026   Code   RO          443    .text.plan_prev_block_index  planner.o
    0x00005264   0x00005264   0x0000001c   Code   RO          411    .text.plan_reset    planner.o
    0x00005280   0x00005280   0x00000024   Code   RO          413    .text.plan_reset_buffer  planner.o
    0x000052a4   0x000052a4   0x0000003c   Code   RO          433    .text.plan_sync_position  planner.o
    0x000052e0   0x000052e0   0x00000070   Code   RO          427    .text.plan_update_velocity_profile_parameters  planner.o
    0x00005350   0x00005350   0x00000210   Code   RO          441    .text.planner_recalculate  planner.o
    0x00005560   0x00005560   0x0000014c   Code   RO          472    .text.printFloat    print.o
    0x000056ac   0x000056ac   0x0000003c   Code   RO          474    .text.printFloat_CoordValue  print.o
    0x000056e8   0x000056e8   0x00000044   Code   RO          476    .text.printFloat_RateValue  print.o
    0x0000572c   0x0000572c   0x0000002a   Code   RO          470    .text.printInteger  print.o
    0x00005756   0x00005756   0x00000028   Code   RO          460    .text.printPgmString  print.o
    0x0000577e   0x0000577e   0x00000024   Code   RO          458    .text.printString   print.o
    0x000057a2   0x000057a2   0x0000007a   Code   RO          468    .text.print_uint32_base10  print.o
    0x0000581c   0x0000581c   0x000000ac   Code   RO          464    .text.print_uint8_base10  print.o
    0x000058c8   0x000058c8   0x00000048   Code   RO          488    .text.probe_configure_invert_mask  probe.o
    0x00005910   0x00005910   0x00000004   Code   RO          490    .text.probe_get_state  probe.o
    0x00005914   0x00005914   0x00000002   Code   RO          486    .text.probe_init    probe.o
    0x00005916   0x00005916   0x00000002   PAD
    0x00005918   0x00005918   0x00000040   Code   RO          492    .text.probe_state_monitor  probe.o
    0x00005958   0x00005958   0x00000016   Code   RO          506    .text.protocol_auto_cycle_start  protocol.o
    0x0000596e   0x0000596e   0x00000002   PAD
    0x00005970   0x00005970   0x00000048   Code   RO          504    .text.protocol_buffer_synchronize  protocol.o
    0x000059b8   0x000059b8   0x000002b0   Code   RO          512    .text.protocol_exec_rt_suspend  protocol.o
    0x00005c68   0x00005c68   0x000006e8   Code   RO          510    .text.protocol_exec_rt_system  protocol.o
    0x00006350   0x00006350   0x0000001c   Code   RO          508    .text.protocol_execute_realtime  protocol.o
    0x0000636c   0x0000636c   0x00000220   Code   RO          502    .text.protocol_main_loop  protocol.o
    0x0000658c   0x0000658c   0x00000208   Code   RO          384    .text.read_float    nuts_bolts.o
    0x00006794   0x00006794   0x0000002c   Code   RO          526    .text.report_alarm_message  report.o
    0x000067c0   0x000067c0   0x00000060   Code   RO          552    .text.report_build_info  report.o
    0x00006820   0x00006820   0x0000002a   Code   RO          550    .text.report_execute_startup_message  report.o
    0x0000684a   0x0000684a   0x00000002   PAD
    0x0000684c   0x0000684c   0x000000e4   Code   RO          528    .text.report_feedback_message  report.o
    0x00006930   0x00006930   0x0000018c   Code   RO          546    .text.report_gcode_modes  report.o
    0x00006abc   0x00006abc   0x00000010   Code   RO          532    .text.report_grbl_help  report.o
    0x00006acc   0x00006acc   0x00000234   Code   RO          534    .text.report_grbl_settings  report.o
    0x00006d00   0x00006d00   0x00000010   Code   RO          530    .text.report_init_message  report.o
    0x00006d10   0x00006d10   0x000000c8   Code   RO          544    .text.report_ngc_parameters  report.o
    0x00006dd8   0x00006dd8   0x0000003c   Code   RO          540    .text.report_probe_parameters  report.o
    0x00006e14   0x00006e14   0x000004f8   Code   RO          556    .text.report_realtime_status  report.o
    0x0000730c   0x0000730c   0x00000034   Code   RO          548    .text.report_startup_line  report.o
    0x00007340   0x00007340   0x0000003c   Code   RO          524    .text.report_status_message  report.o
    0x0000737c   0x0000737c   0x0000004a   Code   RO          542    .text.report_util_axis_values  report.o
    0x000073c6   0x000073c6   0x0000000e   Code   RO          560    .text.report_util_feedback_line_feed  report.o
    0x000073d4   0x000073d4   0x0000002a   Code   RO          538    .text.report_util_float_setting  report.o
    0x000073fe   0x000073fe   0x00000002   PAD
    0x00007400   0x00007400   0x00000010   Code   RO          562    .text.report_util_gcode_modes_G  report.o
    0x00007410   0x00007410   0x00000010   Code   RO          564    .text.report_util_gcode_modes_M  report.o
    0x00007420   0x00007420   0x0000000c   Code   RO          558    .text.report_util_line_feed  report.o
    0x0000742c   0x0000742c   0x00000022   Code   RO          522    .text.report_util_setting_prefix  report.o
    0x0000744e   0x0000744e   0x00000022   Code   RO          536    .text.report_util_uint8_setting  report.o
    0x00007470   0x00007470   0x00000040   Code   RO          574    .text.serial_get_rx_buffer_available  serial.o
    0x000074b0   0x000074b0   0x00000024   Code   RO          580    .text.serial_init   serial.o
    0x000074d4   0x000074d4   0x00000060   Code   RO          586    .text.serial_read   serial.o
    0x00007534   0x00007534   0x00000014   Code   RO          590    .text.serial_reset_read_buffer  serial.o
    0x00007548   0x00007548   0x00000078   Code   RO          584    .text.serial_write  serial.o
    0x000075c0   0x000075c0   0x00000010   Code   RO          625    .text.settings_init  settings.o
    0x000075d0   0x000075d0   0x00000018   Code   RO          617    .text.settings_read_build_info  settings.o
    0x000075e8   0x000075e8   0x0000000e   Code   RO          619    .text.settings_read_coord_data  settings.o
    0x000075f6   0x000075f6   0x0000000e   Code   RO          615    .text.settings_read_startup_line  settings.o
    0x00007604   0x00007604   0x000000ec   Code   RO          613    .text.settings_restore  settings.o
    0x000076f0   0x000076f0   0x00000024   Code   RO          607    .text.settings_store_build_info  settings.o
    0x00007714   0x00007714   0x000003e0   Code   RO          623    .text.settings_store_global_setting  settings.o
    0x00007af4   0x00007af4   0x00000024   Code   RO          605    .text.settings_store_startup_line  settings.o
    0x00007b18   0x00007b18   0x00000038   Code   RO          609    .text.settings_write_coord_data  settings.o
    0x00007b50   0x00007b50   0x00000002   Code   RO          643    .text.sleep_init    sleep.o
    0x00007b52   0x00007b52   0x00000002   PAD
    0x00007b54   0x00007b54   0x000000f4   Code   RO          669    .text.spindle_compute_pwm_value  spindle_control.o
    0x00007c48   0x00007c48   0x00000004   Code   RO          663    .text.spindle_get_state  spindle_control.o
    0x00007c4c   0x00007c4c   0x00000002   Code   RO          661    .text.spindle_init  spindle_control.o
    0x00007c4e   0x00007c4e   0x0000000a   Code   RO          667    .text.spindle_set_speed  spindle_control.o
    0x00007c58   0x00007c58   0x00000040   Code   RO          671    .text.spindle_set_state  spindle_control.o
    0x00007c98   0x00007c98   0x00000010   Code   RO          665    .text.spindle_stop  spindle_control.o
    0x00007ca8   0x00007ca8   0x0000002c   Code   RO          673    .text.spindle_sync  spindle_control.o
    0x00007cd4   0x00007cd4   0x0000008c   Code   RO          694    .text.st_generate_step_dir_invert_masks  stepper.o
    0x00007d60   0x00007d60   0x00000028   Code   RO          710    .text.st_get_realtime_rate  stepper.o
    0x00007d88   0x00007d88   0x000000a8   Code   RO          686    .text.st_go_idle    stepper.o
    0x00007e30   0x00007e30   0x0000002e   Code   RO          708    .text.st_next_block_index  stepper.o
    0x00007e5e   0x00007e5e   0x00000002   PAD
    0x00007e60   0x00007e60   0x00000b6c   Code   RO          706    .text.st_prep_buffer  stepper.o
    0x000089cc   0x000089cc   0x00000094   Code   RO          696    .text.st_reset      stepper.o
    0x00008a60   0x00008a60   0x00000034   Code   RO          704    .text.st_update_plan_block_parameters  stepper.o
    0x00008a94   0x00008a94   0x00000050   Code   RO          684    .text.st_wake_up    stepper.o
    0x00008ae4   0x00008ae4   0x00000060   Code   RO          698    .text.stepper_init  stepper.o
    0x00008b44   0x00008b44   0x0000000c   Code   RO          737    .text.system_check_safety_door_ajar  system.o
    0x00008b50   0x00008b50   0x0000006c   Code   RO          751    .text.system_check_travel_limits  system.o
    0x00008bbc   0x00008bbc   0x0000000c   Code   RO          765    .text.system_clear_exec_accessory_overrides  system.o
    0x00008bc8   0x00008bc8   0x0000000c   Code   RO          757    .text.system_clear_exec_alarm  system.o
    0x00008bd4   0x00008bd4   0x0000000c   Code   RO          763    .text.system_clear_exec_motion_overrides  system.o
    0x00008be0   0x00008be0   0x00000018   Code   RO          753    .text.system_clear_exec_state_flag  system.o
    0x00008bf8   0x00008bf8   0x0000000e   Code   RO          735    .text.system_control_get_state  system.o
    0x00008c06   0x00008c06   0x00000040   Code   RO          749    .text.system_convert_array_steps_to_mpos  system.o
    0x00008c46   0x00008c46   0x00000002   PAD
    0x00008c48   0x00008c48   0x00000034   Code   RO          747    .text.system_convert_axis_steps_to_mpos  system.o
    0x00008c7c   0x00008c7c   0x0000057c   Code   RO          741    .text.system_execute_line  system.o
    0x000091f8   0x000091f8   0x00000068   Code   RO          739    .text.system_execute_startup  system.o
    0x00009260   0x00009260   0x00000014   Code   RO          745    .text.system_flag_wco_change  system.o
    0x00009274   0x00009274   0x00000002   Code   RO          733    .text.system_init   system.o
    0x00009276   0x00009276   0x00000002   PAD
    0x00009278   0x00009278   0x00000018   Code   RO          761    .text.system_set_exec_accessory_override_flag  system.o
    0x00009290   0x00009290   0x00000014   Code   RO          755    .text.system_set_exec_alarm  system.o
    0x000092a4   0x000092a4   0x00000018   Code   RO          759    .text.system_set_exec_motion_override_flag  system.o
    0x000092bc   0x000092bc   0x00000018   Code   RO          743    .text.system_set_exec_state_flag  system.o
    0x000092d4   0x000092d4   0x00000010   Code   RO          611    .text.write_global_settings  settings.o
    0x000092e4   0x000092e4   0x0000002e   Code   RO          945    i.__ARM_clz         mf_p.l(depilogue.o)
    0x00009312   0x00009312   0x00000032   Code   RO          900    i.__ARM_common_ll_muluu  m_ps.l(rred.o)
    0x00009344   0x00009344   0x0000002c   Code   RO          957    i.__ARM_fpclassify  m_ps.l(fpclassify.o)
    0x00009370   0x00009370   0x0000039c   Code   RO          895    i.__ieee754_rem_pio2  m_ps.l(rred.o)
    0x0000970c   0x0000970c   0x000000f4   Code   RO          877    i.__kernel_cos      m_ps.l(cos_i.o)
    0x00009800   0x00009800   0x000000ac   Code   RO          959    i.__kernel_poly     m_ps.l(poly.o)
    0x000098ac   0x000098ac   0x000000ec   Code   RO          902    i.__kernel_sin      m_ps.l(sin_i.o)
    0x00009998   0x00009998   0x0000000a   Code   RO          881    i.__mathlib_dbl_infnan  m_ps.l(dunder.o)
    0x000099a2   0x000099a2   0x00000008   Code   RO          882    i.__mathlib_dbl_infnan2  m_ps.l(dunder.o)
    0x000099aa   0x000099aa   0x00000010   Code   RO          883    i.__mathlib_dbl_invalid  m_ps.l(dunder.o)
    0x000099ba   0x000099ba   0x00000002   PAD
    0x000099bc   0x000099bc   0x00000014   Code   RO          886    i.__mathlib_dbl_underflow  m_ps.l(dunder.o)
    0x000099d0   0x000099d0   0x0000000e   Code   RO          967    i.__scatterload_copy  mc_p.l(handlers.o)
    0x000099de   0x000099de   0x00000002   Code   RO          968    i.__scatterload_null  mc_p.l(handlers.o)
    0x000099e0   0x000099e0   0x0000000e   Code   RO          969    i.__scatterload_zeroinit  mc_p.l(handlers.o)
    0x000099ee   0x000099ee   0x00000002   PAD
    0x000099f0   0x000099f0   0x0000000c   Code   RO          935    i.__set_errno       mc_p.l(errno.o)
    0x000099fc   0x000099fc   0x0000021c   Code   RO          873    i.atan              m_ps.l(atan.o)
    0x00009c18   0x00009c18   0x0000019c   Code   RO          774    i.atan2             m_ps.l(atan2.o)
    0x00009db4   0x00009db4   0x000000c8   Code   RO          778    i.ceil              m_ps.l(ceil.o)
    0x00009e7c   0x00009e7c   0x00000098   Code   RO          782    i.cos               m_ps.l(cos.o)
    0x00009f14   0x00009f14   0x000000c8   Code   RO          786    i.floor             m_ps.l(floor.o)
    0x00009fdc   0x00009fdc   0x000000c4   Code   RO          801    i.lround            m_ps.l(lround.o)
    0x0000a0a0   0x0000a0a0   0x0000009c   Code   RO          789    i.round             m_ps.l(round.o)
    0x0000a13c   0x0000a13c   0x0000009c   Code   RO          792    i.sin               m_ps.l(sin.o)
    0x0000a1d8   0x0000a1d8   0x00000048   Code   RO          796    i.sqrt              m_ps.l(sqrt.o)
    0x0000a220   0x0000a220   0x00000064   Code   RO          799    i.trunc             m_ps.l(trunc.o)
    0x0000a284   0x0000a284   0x00000004   PAD
    0x0000a288   0x0000a288   0x00000098   Data   RO          874    .constdata          m_ps.l(atan.o)
    0x0000a320   0x0000a320   0x00000030   Data   RO          878    .constdata          m_ps.l(cos_i.o)
    0x0000a350   0x0000a350   0x00000008   Data   RO          894    .constdata          m_ps.l(qnan.o)
    0x0000a358   0x0000a358   0x000000cc   Data   RO          897    .constdata          m_ps.l(rred.o)
    0x0000a424   0x0000a424   0x00000004   PAD
    0x0000a428   0x0000a428   0x00000028   Data   RO          903    .constdata          m_ps.l(sin_i.o)
    0x0000a450   0x0000a450   0x00000020   Data   RO          176    .rodata.cst32       timer.o
    0x0000a470   0x0000a470   0x0000005c   Data   RO          633    .rodata.defaults    settings.o
    0x0000a4cc   0x0000a4cc   0x000000a4   Data   RO          305    .rodata.str1.1      gcode.o
    0x0000a570   0x0000a570   0x000001ce   Data   RO          566    .rodata.str1.1      report.o
    0x0000a73e   0x0000a73e   0x00000055   Data   RO          634    .rodata.str1.1      settings.o
    0x0000a793   0x0000a793   0x00000021   Data   RO          675    .rodata.str1.1      spindle_control.o
    0x0000a7b4   0x0000a7b4   0x00000020   Data   RO          966    Region$$Table       anon$$obj.o


    Execution Region ER_RW (Exec base: 0x20000000, Load base: 0x0000a7d4, Size: 0x00000030, Max: 0xffffffff, ABSOLUTE)

    Exec Addr    Load Addr    Size         Type   Attr      Idx    E Section Name        Object

    0x20000000   0x0000a7d4   0x00000004   Data   RW          936    .data               mc_p.l(errno.o)
    0x20000004   0x0000a7d8   0x00000004   Data   RW            9    .data.CyclesPerUs   system_nuc100series.o
    0x20000008   0x0000a7dc   0x00000004   Data   RW           10    .data.PllClock      system_nuc100series.o
    0x2000000c   0x0000a7e0   0x00000004   Data   RW            8    .data.SystemCoreClock  system_nuc100series.o
    0x20000010   0x0000a7e4   0x00000020   Data   RW           11    .data.gau32ClkSrcTbl  system_nuc100series.o


    Execution Region ER_ZI (Exec base: 0x20000030, Load base: 0x0000a804, Size: 0x000011a8, Max: 0xffffffff, ABSOLUTE)

    Exec Addr    Load Addr    Size         Type   Attr      Idx    E Section Name        Object

    0x20000030        -       0x000007e0   Zero   RW          450    .bss.block_buffer   planner.o
    0x20000810        -       0x00000001   Zero   RW          447    .bss.block_buffer_head  planner.o
    0x20000811        -       0x00000001   Zero   RW          449    .bss.block_buffer_planned  planner.o
    0x20000812        -       0x00000001   Zero   RW          446    .bss.block_buffer_tail  planner.o
    0x20000813        -       0x00000001   Zero   RW          714    .bss.busy           stepper.o
    0x20000814        -       0x00000004   Zero   RW          721    .bss.dbtiktim0      stepper.o
    0x20000818        -       0x00000004   Zero   RW          715    .bss.dbtiktim1      stepper.o
    0x2000081c        -       0x00000001   Zero   RW          720    .bss.dir_port_invert_mask  stepper.o
    0x2000081d   0x0000a804   0x00000003   PAD
    0x20000820        -       0x00000040   Zero   RW          304    .bss.gc_block       gcode.o
    0x20000860        -       0x00000044   Zero   RW          303    .bss.gc_state       gcode.o
    0x200008a4        -       0x00000100   Zero   RW          514    .bss.line           protocol.o
    0x200009a4        -       0x00000001   Zero   RW          448    .bss.next_buffer_head  planner.o
    0x200009a5   0x0000a804   0x00000003   PAD
    0x200009a8        -       0x0000001c   Zero   RW          445    .bss.pl             planner.o
    0x200009c4        -       0x00000004   Zero   RW          723    .bss.pl_block       stepper.o
    0x200009c8        -       0x00000038   Zero   RW          722    .bss.prep           stepper.o
    0x20000a00        -       0x00000001   Zero   RW          494    .bss.probe_invert_mask  probe.o
    0x20000a01   0x0000a804   0x00000003   PAD
    0x20000a04        -       0x00000004   Zero   RW          676    .bss.pwm_gradient   spindle_control.o
    0x20000a08        -       0x00000050   Zero   RW          718    .bss.segment_buffer  stepper.o
    0x20000a58        -       0x00000001   Zero   RW          716    .bss.segment_buffer_head  stepper.o
    0x20000a59        -       0x00000001   Zero   RW          717    .bss.segment_buffer_tail  stepper.o
    0x20000a5a        -       0x00000001   Zero   RW          724    .bss.segment_next_head  stepper.o
    0x20000a5b        -       0x00000100   Zero   RW          597    .bss.serial_rx_buffer  serial.o
    0x20000b5b        -       0x00000001   Zero   RW          592    .bss.serial_rx_buffer_head  serial.o
    0x20000b5c        -       0x00000001   Zero   RW          593    .bss.serial_rx_buffer_tail  serial.o
    0x20000b5d        -       0x00000100   Zero   RW          596    .bss.serial_tx_buffer  serial.o
    0x20000c5d        -       0x00000001   Zero   RW          594    .bss.serial_tx_buffer_head  serial.o
    0x20000c5e        -       0x00000001   Zero   RW          595    .bss.serial_tx_buffer_tail  serial.o
    0x20000c5f   0x0000a804   0x00000001   PAD
    0x20000c60        -       0x0000005c   Zero   RW          635    .bss.settings       settings.o
    0x20000cbc        -       0x00000028   Zero   RW          713    .bss.st             stepper.o
    0x20000ce4        -       0x000000b4   Zero   RW          719    .bss.st_block_buffer  stepper.o
    0x20000d98        -       0x00000004   Zero   RW          725    .bss.st_prep_block  stepper.o
    0x20000d9c        -       0x00000001   Zero   RW          712    .bss.step_port_invert_mask  stepper.o
    0x20000d9d   0x0000a804   0x00000003   PAD
    0x20000da0        -       0x00000014   Zero   RW          350    .bss.sys            main_1.o
    0x20000db4        -       0x0000000c   Zero   RW          349    .bss.sys_position   main_1.o
    0x20000dc0        -       0x0000000c   Zero   RW          351    .bss.sys_probe_position  main_1.o
    0x20000dcc        -       0x00000001   Zero   RW          352    .bss.sys_probe_state  main_1.o
    0x20000dcd        -       0x00000001   Zero   RW          356    .bss.sys_rt_exec_accessory_override  main_1.o
    0x20000dce        -       0x00000001   Zero   RW          354    .bss.sys_rt_exec_alarm  main_1.o
    0x20000dcf        -       0x00000001   Zero   RW          355    .bss.sys_rt_exec_motion_override  main_1.o
    0x20000dd0        -       0x00000001   Zero   RW          353    .bss.sys_rt_exec_state  main_1.o
    0x20000dd1   0x0000a804   0x00000007   PAD
    0x20000dd8        -       0x00000400   Zero   RW           19    STACK               startup_nuc100series.o


==============================================================================

Image component sizes


      Code (inc. data)   RO Data    RW Data    ZI Data      Debug   Object Name

      1436        116          0          0          0       6125   clk.o
        92         32          0          0          0        834   controloutput.o
        58          0          0          0          0        954   coolant_control.o
        12          0          0          0          0       1454   eeprom.o
      7012        808        164          0        132       8491   gcode.o
        76          0          0          0          0       1366   gpio.o
       144          8          0          0          0       1486   jog.o
      1200         20          0          0          0       2718   limits.o
       268         40          0          0         49       3126   main_1.o
      1844         68          0          0          0       3386   motion_control.o
      1316         56          0          0          0       3338   nuts_bolts.o
      2456        116          0          0       2048       6141   planner.o
       872         20          0          0          0       3058   print.o
       142         24          0          0          1        944   probe.o
      3122         60          0          0        256       4753   protocol.o
      3288        308        462          0          0       7201   report.o
       980        200          0          0        516       4426   serial.o
      1556        212        177          0         92       4603   settings.o
         2          0          0          0          0       1104   sleep.o
       384         36         33          0          4       1741   spindle_control.o
        76         32        192          0       1024        740   startup_nuc100series.o
      4736        340          0          0        378       9536   stepper.o
       164         20          0          0          0       1632   sys_init.o
      1932        248          0          0          0       4300   system.o
       278         28          0         44          0       2123   system_nuc100series.o
       330         20         32          0          0       3379   timer.o
       400         36          0          0          0       6547   uart.o

    ----------------------------------------------------------------------
     34200       2848       1092         44       4520      95506   Object Totals
         0          0         32          0          0          0   (incl. Generated)
        24          0          0          0         20          0   (incl. Padding)

    ----------------------------------------------------------------------

      Code (inc. data)   RO Data    RW Data    ZI Data      Debug   Library Member Name

       540         68        152          0          0        112   atan.o
       412         40          0          0          0        144   atan2.o
       200         20          0          0          0         76   ceil.o
       152         10          0          0          0        104   cos.o
       244         20         48          0          0         92   cos_i.o
        54          6          0          0          0        272   dunder.o
       200         20          0          0          0         76   floor.o
        44          4          0          0          0         60   fpclassify.o
       196         26          0          0          0         84   lround.o
       172          0          0          0          0         76   poly.o
         0          0          8          0          0          0   qnan.o
       156         14          0          0          0         84   round.o
       974         86        204          0          0        200   rred.o
       156         10          0          0          0        104   sin.o
       236         14         40          0          0        100   sin_i.o
        72          6          0          0          0         76   sqrt.o
       100          4          0          0          0         76   trunc.o
         0          0          0          0          0          0   entry.o
         0          0          0          0          0          0   entry10a.o
         0          0          0          0          0          0   entry11a.o
         8          4          0          0          0          0   entry2.o
         4          0          0          0          0          0   entry5.o
         0          0          0          0          0          0   entry7b.o
         0          0          0          0          0          0   entry8b.o
         8          4          0          0          0          0   entry9a.o
        12          6          0          4          0         60   errno.o
        30          0          0          0          0          0   handlers.o
        36          8          0          0          0         68   init.o
         0          0          0          0          0          0   iusefp.o
        32          0          0          0          0         68   llshl.o
        38          0          0          0          0         68   llsshr.o
        34          0          0          0          0         68   llushr.o
        26          0          0          0          0         72   memcmp.o
        36          0          0          0          0         60   memcpya.o
        36          0          0          0          0        100   memseta.o
         8          0          0          0          0         60   slabs.o
        62          0          0          0          0         72   uidiv_div0.o
        40          2          0          0          0         68   cdcmple.o
        40          2          0          0          0         68   cdrcmple.o
        56          0          0          0          0         68   d2f.o
       356          4          0          0          0        140   dadd.o
        46          0          0          0          0         68   dcmpeq.o
        44          0          0          0          0         68   dcmpge.o
        44          0          0          0          0         68   dcmpgt.o
        44          0          0          0          0         68   dcmple.o
        44          0          0          0          0         68   dcmplt.o
       240          6          0          0          0         84   ddiv.o
       236          0          0          0          0        216   depilogue.o
        72         10          0          0          0         72   dfixi.o
       176          8          0          0          0         76   dfixir.o
        60         10          0          0          0         68   dfixui.o
        40          6          0          0          0         68   dflti.o
        28          4          0          0          0         68   dfltui.o
       208          6          0          0          0         88   dmul.o
       124         10          0          0          0         76   drnd.o
        44          0          0          0          0         72   dscalb.o
       162          0          0          0          0         80   dsqrt.o
        40          0          0          0          0         60   f2d.o
       178          0          0          0          0        108   fadd.o
        28          0          0          0          0         60   fcmpeq.o
        28          0          0          0          0         60   fcmpge.o
        28          0          0          0          0         60   fcmpgt.o
        28          0          0          0          0         60   fcmple.o
        28          0          0          0          0         60   fcmplt.o
       124          0          0          0          0         72   fdiv.o
       130          0          0          0          0        144   fepilogue.o
        50          0          0          0          0         60   ffixi.o
        22          0          0          0          0         68   fflti.o
        14          0          0          0          0         68   ffltui.o
       122          0          0          0          0         72   fmul.o

    ----------------------------------------------------------------------
      7216        442        456          4          0       5036   Library Totals
        14          4          4          0          0          0   (incl. Padding)

    ----------------------------------------------------------------------

      Code (inc. data)   RO Data    RW Data    ZI Data      Debug   Library Name

      3908        348        452          0          0       1736   m_ps.l
       370         22          0          4          0        696   mc_p.l
      2924         68          0          0          0       2604   mf_p.l

    ----------------------------------------------------------------------
      7216        442        456          4          0       5036   Library Totals

    ----------------------------------------------------------------------

==============================================================================


      Code (inc. data)   RO Data    RW Data    ZI Data      Debug   

     41416       3290       1548         48       4520      97538   Grand Totals
     41416       3290       1548         48       4520      97538   ELF Image Totals
     41416       3290       1548         48          0          0   ROM Totals

==============================================================================

    Total RO  Size (Code + RO Data)                42964 (  41.96kB)
    Total RW  Size (RW Data + ZI Data)              4568 (   4.46kB)
    Total ROM Size (Code + RO Data + RW Data)      43012 (  42.00kB)

==============================================================================

